Looking to launch executable "/gpfs1/sw/rh9/pkgs/bwa-mem2/2.2.1/bwa-mem2.avx2", simd = .avx2
Launching executable "/gpfs1/sw/rh9/pkgs/bwa-mem2/2.2.1/bwa-mem2.avx2"
-----------------------------
Executing in AVX2 mode!!
-----------------------------
* SA compression enabled with xfactor: 8
* Ref file: /gpfs1/cl/ecogen/pbio6800/PopulationGenomics/ref_genome/Pmariana/Pmariana1.0-genome_reduced.fa
* Entering FMI_search
* Index file found. Loading index from /gpfs1/cl/ecogen/pbio6800/PopulationGenomics/ref_genome/Pmariana/Pmariana1.0-genome_reduced.fa.bwt.2bit.64
* Reference seq len for bi-index = 5855199825
* sentinel-index: 2317116625
* Count:
0,	1
1,	1783324060
2,	2927599913
3,	4071875766
4,	5855199825

* Reading other elements of the index from files /gpfs1/cl/ecogen/pbio6800/PopulationGenomics/ref_genome/Pmariana/Pmariana1.0-genome_reduced.fa
* Index prefix: /gpfs1/cl/ecogen/pbio6800/PopulationGenomics/ref_genome/Pmariana/Pmariana1.0-genome_reduced.fa
* Read 0 ALT contigs
* Done reading Index!!
* Reading reference genome..
* Binary seq file = /gpfs1/cl/ecogen/pbio6800/PopulationGenomics/ref_genome/Pmariana/Pmariana1.0-genome_reduced.fa.0123
* Reference genome size: 5855199824 bp
* Done reading reference genome !!

[E::main_mem] fail to open file `GCA_000966675.1_WS77111_V1_genomic.fna.gz'.
/var/spool/slurm/d/job1885677/slurm_script: line 76: 3197036 Segmentation fault      (core dumped) bwa-mem2 mem -t 10 -o ${OUT}/Pglauca.sam ${REF} GCA_000966675.1_WS77111_V1_genomic.fna.gz
